// Jest Snapshot v1, https://goo.gl/fbAQLP

exports[`AppBar Should match snapshot 1`] = `
<v-app-bar id="appBar" app="" color="terciary" dark="" height="75">
  <h4> function String() { [native code] }</h4>
  <v-spacer></v-spacer>
  <v-icon id="logout" class="mr-3">mdi-exit-to-app</v-icon>
</v-app-bar>
`;

exports[`AppBar should match snapshot 1`] = `
<v-app-bar id="appBar" app="" color="terciary" dark="" height="75">
  <h4> function String() { [native code] }</h4>
  <v-spacer></v-spacer>
  <v-icon id="logout" class="mr-3">mdi-exit-to-app</v-icon>
</v-app-bar>
`;
