// Jest Snapshot v1, https://goo.gl/fbAQLP

exports[`Locations Map Should match snapshot 1`] = `
<div>
  <h2 class="text-center"></h2>
  <v-container class="pl-0">
    <v-row class="justify-center">
      <v-col xl="10" lg="10" md="8" sm="8" xs="8">
        <gmap-autocomplete class="autocomplete_input"></gmap-autocomplete>
      </v-col>
      <v-btn color="primary">
      </v-btn>
    </v-row>
  </v-container>
  <gmapmap center="[object Object]" zoom="12" map-type-id="satellite" options="[object Object]" style="width: 100%; height: 500px;"></gmapmap>
</div>
`;

exports[`LocationsMap Should match snapshot 1`] = `
<div>
  <h2 class="text-center"></h2>
  <v-container class="pl-0">
    <v-row class="justify-center">
      <v-col xl="10" lg="10" md="8" sm="8" xs="8">
        <gmap-autocomplete class="autocomplete_input"></gmap-autocomplete>
      </v-col>
      <v-btn color="primary">
      </v-btn>
    </v-row>
  </v-container>
  <gmapmap center="[object Object]" zoom="12" map-type-id="satellite" options="[object Object]" style="width: 100%; height: 500px;"></gmapmap>
</div>
`;

exports[`LocationsMap should match snapshot 1`] = `
<div>
  <h2 class="text-center"></h2>
  <v-container class="pl-0">
    <v-row class="justify-center">
      <v-col xl="10" lg="10" md="8" sm="8" xs="8">
        <gmap-autocomplete class="autocomplete_input"></gmap-autocomplete>
      </v-col>
      <v-btn color="primary">
      </v-btn>
    </v-row>
  </v-container>
  <gmapmap center="[object Object]" zoom="12" map-type-id="satellite" options="[object Object]" style="width: 100%; height: 500px;"></gmapmap>
</div>
`;
