// Jest Snapshot v1, https://goo.gl/fbAQLP

exports[`Locations Table Should match snapshot 1`] = `
<div>
  <v-data-table headers="[object Object],[object Object],[object Object],[object Object],[object Object]" items="" sort-by="title"></v-data-table>
  <v-dialog max-width="500px">
    <v-card>
      <v-card-title>

        <v-spacer></v-spacer>
        <v-icon id="close" aria-label="Close">mdi-close</v-icon>
      </v-card-title>
      <v-card-text class="pt-0 pb-0 text-center">
        <p><span class="font-weight-bold"> </span>?</p>
      </v-card-text>
      <v-card-actions>
        <v-spacer></v-spacer>
        <v-btn id="removeLocation" color="red" text="">
        </v-btn>
      </v-card-actions>
    </v-card>
  </v-dialog>
</div>
`;
